
> my-v0-project@0.1.0 build
> next build

   Ôû▓ Next.js 15.5.12
   - Environments: .env

   Creating an optimized production build ...
node.exe : Failed to 
compile.
En línea: 1 Carácter: 1
+ & "C:\Program 
Files\nodejs/node.exe" 
"C:\Program 
Files\nodejs/node_mo 
...
+ ~~~~~~~~~~~~~~~~~~~~~
~~~~~~~~~~~~~~~~~~~~~~~
~~~~~~~~~~~~~~~~~~~~~~~
~~
    + CategoryInfo     
         : NotSpecifi  
  ed: (Failed to com   
 pile.:String) [],     
RemoteException
    + FullyQualifiedEr 
   rorId : NativeComm  
  andError
 

./app/caja/page.tsx
Error:   [31mx[0m 
Return statement is 
not allowed here
     ,-[[36;1;4mC:\Use
rs\17011\Documents\hair
o\tufibra_app\app\caja\
page.tsx[0m:493:1]
 [2m490[0m |     
 [2m491[0m |     
 [2m492[0m |     
 [2m493[0m | [35;1m,
[0m[35;1m-[0m[35;1m
>[0m   return (
 [2m494[0m | 
[35;1m|[0m       
<SidebarProvider>
 [2m495[0m | 
[35;1m|[0m         
<AppSidebar />
 [2m496[0m | 
[35;1m|[0m         
<SidebarInset>
 [2m497[0m | 
[35;1m|[0m           
<div className="min-h-s
creen 
bg-gradient-to-br 
from-black 
via-gray-900 
to-slate-900">
 [2m498[0m | 
[35;1m|[0m           
  <header 
className="flex h-16 
items-center gap-2 
border-b 
border-gray-700 
bg-gray-800/50 
backdrop-blur-xl px-4">
 [2m499[0m | 
[35;1m|[0m           
    <SidebarTrigger 
className="-ml-1 
text-white" />
 [2m500[0m | 
[35;1m|[0m           
    <div 
className="flex-1">
 [2m501[0m | 
[35;1m|[0m           
      <h1 
className="text-xl 
font-semibold 
text-white">Caja</h1>
 [2m502[0m | 
[35;1m|[0m           
      <p 
className="text-sm text
-gray-300">Gestiona el 
pago de los 
clientes</p>
 [2m503[0m | 
[35;1m|[0m           
    </div>
 [2m504[0m | 
[35;1m|[0m           
  </header>
 [2m505[0m | 
[35;1m|[0m   
 [2m506[0m | 
[35;1m|[0m           
  <div className="p-6">
 [2m507[0m | 
[35;1m|[0m           
    <Card className="bg
-gray-800/50 
border-gray-700 
backdrop-blur-xl">
 [2m508[0m | 
[35;1m|[0m           
      <CardHeader>
 [2m509[0m | 
[35;1m|[0m           
        <CardTitle clas
sName="text-white">Busc
ar Cliente</CardTitle>
 [2m510[0m | 
[35;1m|[0m           
      </CardHeader>
 [2m511[0m | 
[35;1m|[0m           
      <CardContent>
 [2m512[0m | 
[35;1m|[0m           
        <div 
className="flex 
items-center space-x-4 
mb-6">
 [2m513[0m | 
[35;1m|[0m           
          <div 
className="relative 
flex-1">
 [2m514[0m | 
[35;1m|[0m           
            <Search 
className="absolute 
left-3 top-1/2 
transform 
-translate-y-1/2 
text-gray-400 w-4 h-4" 
/>
 [2m515[0m | 
[35;1m|[0m           
            <Input
 [2m516[0m | 
[35;1m|[0m           
              
placeholder="Buscar 
clientes..."
 [2m517[0m | 
[35;1m|[0m           
              
value={searchTerm}
 [2m518[0m | 
[35;1m|[0m           
              
onChange={(e) => setSea
rchTerm(e.target.value)
}
 [2m519[0m | 
[35;1m|[0m           
              
className="pl-10 
bg-gray-700/50 
border-gray-600 
text-white"
 [2m520[0m | 
[35;1m|[0m           
            />
 [2m521[0m | 
[35;1m|[0m           
          </div>
 [2m522[0m | 
[35;1m|[0m           
        </div>
 [2m523[0m | 
[35;1m|[0m   
 [2m524[0m | 
[35;1m|[0m           
        <div 
className="rounded-md 
border border-gray-700 
bg-gray-800/30">
 [2m525[0m | 
[35;1m|[0m           
          <Table>
 [2m526[0m | 
[35;1m|[0m           
            
<TableHeader>
 [2m527[0m | 
[35;1m|[0m           
              
<TableRow className="bo
rder-gray-700">
 [2m528[0m | 
[35;1m|[0m           
                
<TableHead className="t
ext-gray-200">Cliente</
TableHead>
 [2m529[0m | 
[35;1m|[0m           
                
<TableHead className="t
ext-gray-200">DNI/RUC</
TableHead>
 [2m530[0m | 
[35;1m|[0m           
                
<TableHead className="t
ext-gray-200">Direccion
</TableHead>
 [2m531[0m | 
[35;1m|[0m           
                
<TableHead className="t
ext-gray-200">Servicio<
/TableHead>
 [2m532[0m | 
[35;1m|[0m           
                
<TableHead className="t
ext-gray-200">Estado</T
ableHead>
 [2m533[0m | 
[35;1m|[0m           
              
</TableRow>
 [2m534[0m | 
[35;1m|[0m           
            
</TableHeader>
 [2m535[0m | 
[35;1m|[0m           
            <TableBody>
 [2m536[0m | 
[35;1m|[0m           
              {filtered
Clients.map((client) 
=> (
 [2m537[0m | 
[35;1m|[0m           
                
<TableRow 
key={client.cli_id} 
onClick={() => handleSe
lectClient(client)} cla
ssName="cursor-pointer 
hover:bg-gray-700/30 
border-b-0">
 [2m538[0m | 
[35;1m|[0m           
                  
<TableCell>
 [2m539[0m | 
[35;1m|[0m           
                    
<div className="flex 
items-center 
space-x-2">
 [2m540[0m | 
[35;1m|[0m           
                      
<User className="w-5 
h-5 text-gray-400" />
 [2m541[0m | 
[35;1m|[0m           
                      
<div>
 [2m542[0m | 
[35;1m|[0m           
                       
 <p 
className="text-white 
font-medium">
 [2m543[0m | 
[35;1m|[0m           
                       
   {client.cli_tipo 
=== "JURIDICA"
 [2m544[0m | 
[35;1m|[0m           
                       
     ? 
client.cli_razonsoci
 [2m545[0m | 
[35;1m|[0m           
                       
     : 
`${client.cli_nombre} $
{client.cli_apellido}`}
 [2m546[0m | 
[35;1m|[0m           
                       
 </p>
 [2m547[0m | 
[35;1m|[0m           
                       
 <p className="text-xs 
text-gray-400">{client.
cli_id}</p>
 [2m548[0m | 
[35;1m|[0m           
                      
</div>
 [2m549[0m | 
[35;1m|[0m           
                    
</div>
 [2m550[0m | 
[35;1m|[0m           
                  
</TableCell>
 [2m551[0m | 
[35;1m|[0m           
                  
<TableCell className="t
ext-gray-200">{client.c
li_dni || 
client.cli_ruc || 
"-"}</TableCell>
 [2m552[0m | 
[35;1m|[0m           
                  
<TableCell className="t
ext-gray-200">{client.c
li_direccion}</TableCel
l>
 [2m553[0m | 
[35;1m|[0m           
                  
<TableCell className="t
ext-gray-200">{client.s
erv_nombre}</TableCell>
 [2m554[0m | 
[35;1m|[0m           
                  
<TableCell>
 [2m555[0m | 
[35;1m|[0m           
                    
{client.estado === "1" 
? (
 [2m556[0m | 
[35;1m|[0m           
                      
<Badge 
className="text-white b
g-green-600">ACTIVO</Ba
dge>
 [2m557[0m | 
[35;1m|[0m           
                    ) 
: client.estado === 
"0" ? (
 [2m558[0m | 
[35;1m|[0m           
                      
<Badge 
className="text-white b
g-red-600">CORTADO</Bad
ge>
 [2m559[0m | 
[35;1m|[0m           
                    ) 
: (
 [2m560[0m | 
[35;1m|[0m           
                      
<Badge 
className="text-white 
bg-gray-500">SIN 
INFO</Badge>
 [2m561[0m | 
[35;1m|[0m           
                    )}
 [2m562[0m | 
[35;1m|[0m           
                  
</TableCell>
 [2m563[0m | 
[35;1m|[0m           
                
</TableRow>
 [2m564[0m | 
[35;1m|[0m           
              ))}
 [2m565[0m | 
[35;1m|[0m           
            
</TableBody>
 [2m566[0m | 
[35;1m|[0m           
          </Table>
 [2m567[0m | 
[35;1m|[0m           
        </div>
 [2m568[0m | 
[35;1m|[0m           
      </CardContent>
 [2m569[0m | 
[35;1m|[0m           
    </Card>
 [2m570[0m | 
[35;1m|[0m           
  </div>
 [2m571[0m | 
[35;1m|[0m           
</div>
 [2m572[0m | 
[35;1m|[0m   
 [2m573[0m | 
[35;1m|[0m   
 [2m574[0m | 
[35;1m|[0m           
{/* Modal de pago */}
 [2m575[0m | 
[35;1m|[0m   
 [2m576[0m | 
[35;1m|[0m           
<Dialog 
open={openModal} 
onOpenChange={(isOpen) 
=> {
 [2m577[0m | 
[35;1m|[0m           
  setOpenModal(isOpen);
 [2m578[0m | 
[35;1m|[0m           
  if (!isOpen) {
 [2m579[0m | 
[35;1m|[0m           
    
setSelectedTipo("");
 [2m580[0m | 
[35;1m|[0m           
    setShowDetalleCompr
obante(false);
 [2m581[0m | 
[35;1m|[0m           
  }
 [2m582[0m | 
[35;1m|[0m           
}}>
 [2m583[0m | 
[35;1m|[0m           
  <DialogContent 
className="max-w-5xl 
bg-gray-900 border 
border-gray-700 
text-white">
 [2m584[0m | 
[35;1m|[0m           
    <DialogHeader>
 [2m585[0m | 
[35;1m|[0m           
      <DialogTitle>
 [2m586[0m | 
[35;1m|[0m           
        Procesa el 
pago de {selectedClient
?.cli_tipo === 
"JURIDICA"
 [2m587[0m | 
[35;1m|[0m           
          ? selectedCli
ent?.cli_razonsoci
 [2m588[0m | 
[35;1m|[0m           
          : `${selected
Client?.cli_nombre} ${s
electedClient?.cli_apel
lido}`} - {selectedClie
nt?.cli_id}
 [2m589[0m | 
[35;1m|[0m           
      </DialogTitle>
 [2m590[0m | 
[35;1m|[0m           
    </DialogHeader>
 [2m591[0m | 
[35;1m|[0m   
 [2m592[0m | 
[35;1m|[0m           
    {/* Aqu├¡ va TODO 
el contenido de pago 
que ten├¡as antes en 
la vista */}
 [2m593[0m | 
[35;1m|[0m   
 [2m594[0m | 
[35;1m|[0m           
    <div 
className="grid 
grid-cols-2 gap-4 
mt-4">
 [2m595[0m | 
[35;1m|[0m           
      {/* Tabla 
izquierda: Deudas */}
 [2m596[0m | 
[35;1m|[0m           
      <Card 
className="col-span-1 
bg-gray-800/50 
border-gray-700">
 [2m597[0m | 
[35;1m|[0m           
        <CardHeader>
 [2m598[0m | 
[35;1m|[0m           
          <CardTitle cl
assName="text-white">De
udas</CardTitle>
 [2m599[0m | 
[35;1m|[0m           
        </CardHeader>
 [2m600[0m | 
[35;1m|[0m           
        <CardContent>
 [2m601[0m | 
[35;1m|[0m           
          <Table>
 [2m602[0m | 
[35;1m|[0m           
            
<TableHeader>
 [2m603[0m | 
[35;1m|[0m           
              
<TableRow>
 [2m604[0m | 
[35;1m|[0m           
                <TableH
ead>Concepto</TableHead
>
 [2m605[0m | 
[35;1m|[0m           
                
<TableHead className="t
ext-right">Monto</Table
Head>
 [2m606[0m | 
[35;1m|[0m           
                
<TableHead className="t
ext-center">Acci├│n</Ta
bleHead>
 [2m607[0m | 
[35;1m|[0m           
              
</TableRow>
 [2m608[0m | 
[35;1m|[0m           
            
</TableHeader>
 [2m609[0m | 
[35;1m|[0m           
            <TableBody>
 [2m610[0m | 
[35;1m|[0m           
              {deudas
 [2m611[0m | 
[35;1m|[0m           
                
.filter((d) => 
!detallePago.find((p) 
=> p.id === d.id))
 [2m612[0m | 
[35;1m|[0m           
                
.map((deuda) => (
 [2m613[0m | 
[35;1m|[0m           
                  
<TableRow 
key={deuda.id} 
className="border-b-0">
 [2m614[0m | 
[35;1m|[0m           
                    
<TableCell 
className="py-0 text-gr
ay-200">{deuda.ano_mes}
</TableCell>
 [2m615[0m | 
[35;1m|[0m           
                    
<TableCell 
className="py-0 
text-gray-200 
text-right">S/. {deuda.
monto}</TableCell>
 [2m616[0m | 
[35;1m|[0m           
                    
<TableCell 
className="py-0 
text-center">
 [2m617[0m | 
[35;1m|[0m           
                      
<Button 
variant="ghost" classNa
me="text-green-500 
p-0" onClick={() => 
agregarUno(deuda)}>
 [2m618[0m | 
[35;1m|[0m           
                       
 <PlusCircle 
className="w-4 h-4" />
 [2m619[0m | 
[35;1m|[0m           
                      
</Button>
 [2m620[0m | 
[35;1m|[0m           
                    
</TableCell>
 [2m621[0m | 
[35;1m|[0m           
                  
</TableRow>
 [2m622[0m | 
[35;1m|[0m           
                ))}
 [2m623[0m | 
[35;1m|[0m           
            
</TableBody>
 [2m624[0m | 
[35;1m|[0m           
            
<TableFooter>
 [2m625[0m | 
[35;1m|[0m           
              
<TableRow>
 [2m626[0m | 
[35;1m|[0m           
                
<TableCell 
className="py-1 
text-gray-200 
font-bold bg-gray-600">
Subtotal</TableCell>
 [2m627[0m | 
[35;1m|[0m           
                
<TableCell 
className="py-1 
text-gray-200 
text-right font-bold 
bg-gray-600" 
colSpan={2}>
 [2m628[0m | 
[35;1m|[0m           
                  S/. 
{subtotalDeudas}
 [2m629[0m | 
[35;1m|[0m           
                
</TableCell>
 [2m630[0m | 
[35;1m|[0m           
              
</TableRow>
 [2m631[0m | 
[35;1m|[0m           
            
</TableFooter>
 [2m632[0m | 
[35;1m|[0m           
          </Table>
 [2m633[0m | 
[35;1m|[0m   
 [2m634[0m | 
[35;1m|[0m           
        </CardContent>
 [2m635[0m | 
[35;1m|[0m           
      </Card>
 [2m636[0m | 
[35;1m|[0m   
 [2m637[0m | 
[35;1m|[0m   
 [2m638[0m | 
[35;1m|[0m           
      {/* Tabla 
derecha: Detalle a 
Pagar */}
 [2m639[0m | 
[35;1m|[0m           
      <Card 
className="col-span-1 
bg-gray-800/50 
border-gray-700">
 [2m640[0m | 
[35;1m|[0m           
        <CardHeader>
 [2m641[0m | 
[35;1m|[0m           
          <CardTitle cl
assName="text-white">De
talle a 
Pagar</CardTitle>
 [2m642[0m | 
[35;1m|[0m           
        </CardHeader>
 [2m643[0m | 
[35;1m|[0m           
        <CardContent>
 [2m644[0m | 
[35;1m|[0m           
          <Table>
 [2m645[0m | 
[35;1m|[0m           
            
<TableHeader>
 [2m646[0m | 
[35;1m|[0m           
              
<TableRow>
 [2m647[0m | 
[35;1m|[0m           
                <TableH
ead>Concepto</TableHead
>
 [2m648[0m | 
[35;1m|[0m           
                
<TableHead className="t
ext-right">Monto</Table
Head>
 [2m649[0m | 
[35;1m|[0m           
                
<TableHead className="t
ext-center">Acci├│n</Ta
bleHead>
 [2m650[0m | 
[35;1m|[0m           
              
</TableRow>
 [2m651[0m | 
[35;1m|[0m           
            
</TableHeader>
 [2m652[0m | 
[35;1m|[0m           
            <TableBody>
 [2m653[0m | 
[35;1m|[0m           
              {detalleP
ago.map((item) => (
 [2m654[0m | 
[35;1m|[0m           
                
<TableRow 
key={item.id} 
className="border-b-0">
 [2m655[0m | 
[35;1m|[0m           
                  
<TableCell 
className="py-0 text-gr
ay-200">{item.ano_mes}<
/TableCell>
 [2m656[0m | 
[35;1m|[0m           
                  
<TableCell 
className="py-0 
text-gray-200 
text-right">S/. {item.m
onto}</TableCell>
 [2m657[0m | 
[35;1m|[0m           
                  
<TableCell 
className="py-0 
text-center">
 [2m658[0m | 
[35;1m|[0m           
                    
<Button 
variant="ghost" classNa
me="text-red-500" 
onClick={() => 
quitarUno(item.id)}>
 [2m659[0m | 
[35;1m|[0m           
                      
<MinusCircle 
className="w-4 h-4" />
 [2m660[0m | 
[35;1m|[0m           
                    
</Button>
 [2m661[0m | 
[35;1m|[0m           
                  
</TableCell>
 [2m662[0m | 
[35;1m|[0m           
                
</TableRow>
 [2m663[0m | 
[35;1m|[0m           
              ))}
 [2m664[0m | 
[35;1m|[0m           
            
</TableBody>
 [2m665[0m | 
[35;1m|[0m           
            
<TableFooter>
 [2m666[0m | 
[35;1m|[0m           
              
<TableRow>
 [2m667[0m | 
[35;1m|[0m           
                
<TableCell 
className="py-1 
text-gray-200 
font-bold bg-gray-600">
Total</TableCell>
 [2m668[0m | 
[35;1m|[0m           
                
<TableCell 
className="py-1 
text-gray-200 
text-right font-bold 
bg-gray-600" 
colSpan={2}>
 [2m669[0m | 
[35;1m|[0m           
                  S/. 
{totalPago}
 [2m670[0m | 
[35;1m|[0m           
                
</TableCell>
 [2m671[0m | 
[35;1m|[0m           
              
</TableRow>
 [2m672[0m | 
[35;1m|[0m           
            
</TableFooter>
 [2m673[0m | 
[35;1m|[0m           
          </Table>
 [2m674[0m | 
[35;1m|[0m   
 [2m675[0m | 
[35;1m|[0m           
        </CardContent>
 [2m676[0m | 
[35;1m|[0m           
      </Card>
 [2m677[0m | 
[35;1m|[0m           
    </div>
 [2m678[0m | 
[35;1m|[0m   
 [2m679[0m | 
[35;1m|[0m           
    {/* Comprobante y 
pago */}
 [2m680[0m | 
[35;1m|[0m           
    <div 
className="grid 
grid-cols-1 gap-4 
mt-6">
 [2m681[0m | 
[35;1m|[0m           
      {/* Botones tipo 
de comprobante */}
 [2m682[0m | 
[35;1m|[0m           
      <div 
className="flex 
items-center 
justify-center gap-4">
 [2m683[0m | 
[35;1m|[0m           
        <Label 
className="text-white 
text-sm">Selecciona 
comprobante:</Label>
 [2m684[0m | 
[35;1m|[0m   
 [2m685[0m | 
[35;1m|[0m           
        {tipo_comrproba
nte.map((tipo) => {
 [2m686[0m | 
[35;1m|[0m           
          const 
isClienteTipo = selecte
dClient?.id_tipo_compro
bante?.toString() === t
ipo.id_tipo.toString();
 [2m687[0m | 
[35;1m|[0m           
          const 
isSelected = 
selectedTipo === tipo.i
d_tipo.toString();
 [2m688[0m | 
[35;1m|[0m   
 [2m689[0m | 
[35;1m|[0m           
          return (
 [2m690[0m | 
[35;1m|[0m           
            <Button
 [2m691[0m | 
[35;1m|[0m           
              
key={tipo.id_tipo}
 [2m692[0m | 
[35;1m|[0m           
              
variant={isSelected ? 
"default" : "outline"}
 [2m693[0m | 
[35;1m|[0m           
              
className={`text-sm 
${isSelected
 [2m694[0m | 
[35;1m|[0m           
                ? 
"bg-green-500 
text-white"
 [2m695[0m | 
[35;1m|[0m           
                : 
isClienteTipo
 [2m696[0m | 
[35;1m|[0m           
                  ? 
"bg-blue-500 
text-white 
border-gray-500"
 [2m697[0m | 
[35;1m|[0m           
                  : 
"bg-gray-700 
text-white 
border-gray-500"
 [2m698[0m | 
[35;1m|[0m           
                }`}
 [2m699[0m | 
[35;1m|[0m           
              
onClick={() => handleSe
lectTipo(tipo.id_tipo.t
oString())}
 [2m700[0m | 
[35;1m|[0m           
            >
 [2m701[0m | 
[35;1m|[0m           
              
{tipo.tipo}
 [2m702[0m | 
[35;1m|[0m           
            </Button>
 [2m703[0m | 
[35;1m|[0m           
          );
 [2m704[0m | 
[35;1m|[0m           
        })}
 [2m705[0m | 
[35;1m|[0m   
 [2m706[0m | 
[35;1m|[0m           
      </div>
 [2m707[0m | 
[35;1m|[0m   
 [2m708[0m | 
[35;1m|[0m           
      {/* Mostrar 
serie, n├║mero, medio 
de pago y bot├│n */}
 [2m709[0m | 
[35;1m|[0m           
      {showDetalleCompr
obante && (
 [2m710[0m | 
[35;1m|[0m           
        <>
 [2m711[0m | 
[35;1m|[0m           
          <div 
className="flex 
flex-wrap items-center 
justify-between gap-6">
 [2m712[0m | 
[35;1m|[0m           
            {/* Serie 
y N├║mero (lado 
izquierdo) */}
 [2m713[0m | 
[35;1m|[0m           
            <div 
className="flex 
items-center 
space-x-6">
 [2m714[0m | 
[35;1m|[0m           
              <div>
 [2m715[0m | 
[35;1m|[0m           
                <Label 
className="text-white 
text-sm">Serie</Label>
 [2m716[0m | 
[35;1m|[0m           
                <p 
className="text-white 
text-sm bg-gray-700 
py-1 px-2 
rounded">{serie}</p>
 [2m717[0m | 
[35;1m|[0m           
              </div>
 [2m718[0m | 
[35;1m|[0m           
              <div>
 [2m719[0m | 
[35;1m|[0m           
                <Label 
className="text-white t
ext-sm">N├║mero</Label>
 [2m720[0m | 
[35;1m|[0m           
                <p 
className="text-white 
text-sm bg-gray-700 
py-1 px-2 
rounded">{numero}</p>
 [2m721[0m | 
[35;1m|[0m           
              </div>
 [2m722[0m | 
[35;1m|[0m           
            </div>
 [2m723[0m | 
[35;1m|[0m   
 [2m724[0m | 
[35;1m|[0m           
            {/* Medio 
de Pago (lado derecho) 
*/}
 [2m725[0m | 
[35;1m|[0m           
            <div 
className="w-full 
sm:w-auto flex-1 
sm:flex-none">
 [2m726[0m | 
[35;1m|[0m           
              <Label 
className="text-white 
text-sm mb-1 
block">Medio de 
Pago</Label>
 [2m727[0m | 
[35;1m|[0m           
              <Select v
alue={newPago.medio_pag
o} 
onValueChange={(value) 
=> setNewPago({ 
...newPago, 
medio_pago: value })}>
 [2m728[0m | 
[35;1m|[0m           
                
<SelectTrigger 
className="bg-gray-700 
text-white text-sm 
py-2 rounded w-full">
 [2m729[0m | 
[35;1m|[0m           
                  
<SelectValue 
placeholder="Efectivo" 
/>
 [2m730[0m | 
[35;1m|[0m           
                
</SelectTrigger>
 [2m731[0m | 
[35;1m|[0m           
                
<SelectContent 
className="bg-gray-800 
text-white">
 [2m732[0m | 
[35;1m|[0m           
                  
<SelectItem value="EFEC
TIVO">Efectivo</SelectI
tem>
 [2m733[0m | 
[35;1m|[0m           
                  
<SelectItem value="YAPE
">Yape</SelectItem>
 [2m734[0m | 
[35;1m|[0m           
                  
<SelectItem value="TRAN
SFERENCIA">Transferenci
a</SelectItem>
 [2m735[0m | 
[35;1m|[0m           
                
</SelectContent>
 [2m736[0m | 
[35;1m|[0m           
              </Select>
 [2m737[0m | 
[35;1m|[0m           
            </div>
 [2m738[0m | 
[35;1m|[0m           
            <div 
className="flex 
justify-end">
 [2m739[0m | 
[35;1m|[0m           
              <Button o
nClick={handleGuardarPa
go} 
className="bg-blue-600 
hover:bg-blue-700 
text-white text-sm">
 [2m740[0m | 
[35;1m|[0m           
                
<Printer 
className="w-5 h-5 
mr-2" />
 [2m741[0m | 
[35;1m|[0m           
                
Imprimir / Guardar
 [2m742[0m | 
[35;1m|[0m           
              </Button>
 [2m743[0m | 
[35;1m|[0m           
            </div>
 [2m744[0m | 
[35;1m|[0m           
          </div>
 [2m745[0m | 
[35;1m|[0m           
        </>
 [2m746[0m | 
[35;1m|[0m           
      )}
 [2m747[0m | 
[35;1m|[0m           
    </div>
 [2m748[0m | 
[35;1m|[0m   
 [2m749[0m | 
[35;1m|[0m   
 [2m750[0m | 
[35;1m|[0m           
  </DialogContent>
 [2m751[0m | 
[35;1m|[0m           
</Dialog>
 [2m752[0m | 
[35;1m|[0m         
</SidebarInset>
 [2m753[0m | 
[35;1m|[0m       
</SidebarProvider>
 [2m754[0m | [35;1m`
[0m[35;1m-[0m[35;1m
>[0m   )
 [2m755[0m |     }
     `----
  [31mx[0m 
Expression expected
     ,-[[36;1;4mC:\Use
rs\17011\Documents\hair
o\tufibra_app\app\caja\
page.tsx[0m:755:1]
 [2m752[0m |       
</SidebarInset>
 [2m753[0m |     
</SidebarProvider>
 [2m754[0m |   )
 [2m755[0m | }
     : [35;1m^[0m
     `----

Caused by:
    Syntax Error

Import trace for 
requested module:
./app/caja/page.tsx


> Build failed because 
of webpack errors
